C51 COMPILER V9.54   MAIN                                                                  08/08/2022 00:34:56 PAGE 1   


C51 COMPILER V9.54, COMPILATION OF MODULE MAIN
OBJECT MODULE PLACED IN .\Objects\main.obj
COMPILER INVOKED BY: E:\Keil5\C51\BIN\C51.EXE main.c OPTIMIZE(8,SPEED) BROWSE DEBUG OBJECTEXTEND PRINT(.\Listings\main.l
                    -st) OBJECT(.\Objects\main.obj)

line level    source

   1          #include <REGX52.h>
   2          #include <INTRINS.H>
   3          
   4          void Delay();
   5          void main(){
   6   1              
   7   1              while(1)
   8   1              {
   9   2                      P2 = 0xFE; //1111 1110
  10   2                      Delay();
  11   2                      P2 = 0xFD; //1111 1101
  12   2                      Delay();
  13   2                      P2 = 0xFB; //1111 1011
  14   2                      Delay();
  15   2                      P2 = 0xF7; //1111 0111
  16   2                      Delay();
  17   2                      P2 = 0xEF; //1110 1111
  18   2                      Delay();
  19   2                      P2 = 0xDF; //1101 1110
  20   2                      Delay();
  21   2                      P2 = 0xBF; //1111 1110
  22   2                      Delay();
  23   2                      P2 = 0x7F; //1110 1111
  24   2                      Delay();
  25   2                      
  26   2                      
  27   2                      P2 = 0xBF; //1111 1110
  28   2                      Delay();
  29   2                      P2 = 0xDF; //1101 1110
  30   2                      Delay();
  31   2                      P2 = 0xEF; //1110 1111
  32   2                      Delay();
  33   2                      P2 = 0xF7; //1111 0111
  34   2                      Delay();
  35   2                      P2 = 0xFB; //1111 1011
  36   2                      Delay();
  37   2                      P2 = 0xFD; //1111 1101
  38   2                      Delay();
  39   2              }
  40   1      }
  41          
  42          void Delay()            //@12.000MHz  100ms
  43          {
  44   1              unsigned char i, j;
  45   1      
  46   1              i = 195;
  47   1              j = 138;
  48   1              do
  49   1              {
  50   2                      while (--j);
  51   2              } while (--i);
  52   1      }
  53          
  54          
C51 COMPILER V9.54   MAIN                                                                  08/08/2022 00:34:56 PAGE 2   



MODULE INFORMATION:   STATIC OVERLAYABLE
   CODE SIZE        =     95    ----
   CONSTANT SIZE    =   ----    ----
   XDATA SIZE       =   ----    ----
   PDATA SIZE       =   ----    ----
   DATA SIZE        =   ----    ----
   IDATA SIZE       =   ----    ----
   BIT SIZE         =   ----    ----
END OF MODULE INFORMATION.


C51 COMPILATION COMPLETE.  0 WARNING(S),  0 ERROR(S)
